[walimatul.id/tema/minimalis-04/index7b7e.html]
[backblue.gif]
[fade.gif]
[index.html]
[walimatul.id/wp-includes/css/dist/block-library/style.minb34e.css]
[walimatul.id/wp-content/plugins/weddingpress/assets/css/wdp-centered-timeline.minb34e.css]
[walimatul.id/wp-content/plugins/weddingpress/assets/css/wdp-horizontal-styles.minb34e.css]
[walimatul.id/wp-content/plugins/weddingpress/assets/css/wdp-fontellob34e.css]
[walimatul.id/wp-content/plugins/weddingpress/assets/css/exad-styles.minb34e.css]
[walimatul.id/tema/minimalis-04/index.html]
[walimatul.id/wp-content/plugins/weddingsaas-pro/assets/css/wds-elementorbf47.css]
[walimatul.id/wp-content/plugins/weddingsaas-pro/assets/plugins/custom/commentpress/saic_stylebf47.css]
[walimatul.id/wp-content/themes/hello-elementor/assets/css/reseta7da.css]
[walimatul.id/wp-content/themes/hello-elementor/assets/css/themea7da.css]
[walimatul.id/wp-content/themes/hello-elementor/assets/css/header-footera7da.css]
[walimatul.id/wp-content/plugins/elementor/assets/css/frontend.mina871.css]
[walimatul.id/wp-content/uploads/elementor/css/post-60e26.css]
[walimatul.id/wp-content/plugins/jetformbuilder/modules/option-field/assets/build/select3d26.css]
[walimatul.id/wp-content/plugins/jetformbuilder/modules/option-field/assets/build/checkbox7211.css]
[walimatul.id/wp-content/plugins/jetformbuilder/modules/option-field/assets/build/radioffac.css]
[walimatul.id/wp-content/plugins/jetformbuilder/modules/advanced-choices/assets/build/main7f2b.css]
[walimatul.id/wp-content/plugins/jetformbuilder/modules/wysiwyg/assets/build/wysiwyg2275.css]
[walimatul.id/wp-content/plugins/jetformbuilder/modules/switcher/assets/build/switcher720a.css]
[walimatul.id/wp-content/plugins/jetformbuilder/modules/multi-gateway/assets/build/multi-gatewayeef9.css]
[walimatul.id/wp-content/plugins/elementor/assets/css/widget-image.mina871.css]
[walimatul.id/wp-content/plugins/elementor-pro/assets/css/widget-nav-menu.min5fc8.css]
[walimatul.id/wp-content/plugins/elementor/assets/css/widget-social-icons.mina871.css]
[walimatul.id/wp-content/plugins/elementor/assets/css/conditionals/apple-webkit.mina871.css]
[walimatul.id/wp-content/plugins/elementor/assets/css/widget-heading.mina871.css]
[walimatul.id/wp-content/plugins/elementor/assets/css/widget-icon-list.mina871.css]
[walimatul.id/wp-content/plugins/elementor-pro/assets/css/widget-lottie.min5fc8.css]
[walimatul.id/wp-content/plugins/elementor-pro/assets/css/widget-countdown.min5fc8.css]
[walimatul.id/wp-content/plugins/elementor/assets/css/widget-icon-box.mina871.css]
[walimatul.id/wp-content/plugins/elementor/assets/css/widget-google_maps.mina871.css]
[walimatul.id/wp-content/plugins/elementor/assets/css/widget-spacer.mina871.css]
[walimatul.id/wp-content/plugins/weddingpress/assets/css/wdp0087.css]
[walimatul.id/wp-content/plugins/elementor/assets/lib/font-awesome/css/all.mina871.css]
[walimatul.id/wp-content/plugins/elementor/assets/lib/font-awesome/css/v4-shims.mina871.css]
[walimatul.id/wp-content/uploads/elementor/css/post-24697b64.css]
[walimatul.id/wp-content/uploads/elementor/css/post-2473f9a1.css]
[walimatul.id/wp-content/uploads/elementor/css/post-476020e8.css]
[walimatul.id/wp-content/uploads/elementor/google-fonts/css/cormorant464b.css]
[walimatul.id/wp-content/uploads/elementor/google-fonts/css/jost8b09.css]
[walimatul.id/wp-content/uploads/elementor/google-fonts/css/outfit7aa5.css]
[walimatul.id/wp-content/uploads/elementor/google-fonts/css/poppins1df5.css]
[walimatul.id/wp-content/uploads/elementor/google-fonts/css/cormorantgaramondd28b.css]
[walimatul.id/wp-content/uploads/elementor/google-fonts/css/pinyonscript2c7c.css]
[walimatul.id/wp-content/uploads/elementor/google-fonts/css/quicksand6b1c.css]
[walimatul.id/wp-includes/js/jquery/jquery.minf43b.js]
[walimatul.id/wp-includes/js/jquery/jquery-migrate.min5589.js]
[walimatul.id/wp-content/plugins/elementor/assets/lib/font-awesome/js/v4-shims.mina871.js]
[connect.facebook.net/en_US/fbevents.js]
[walimatul.id/tema/minimalis-04/index09cd.html]
[unpkg.com/aos@2.3.1/dist/aos.css]
[ajax.googleapis.com/ajax/libs/jquery/3.7.1/jquery.min.js]
[unpkg.com/aos@2.3.1/dist/aos.js]
[walimatul.id/wp-content/plugins/weddingpress/assets/js/wdp-swiper.min.js]
[walimatul.id/wp-content/plugins/weddingpress/assets/js/qr-code.js]
[walimatul.id/wp-content/plugins/weddingpress/assets/js/wdp-horizontal.js]
[walimatul.id/wp-content/plugins/weddingpress/assets/js/exad-scripts.min0087.js]
[walimatul.id/wp-content/plugins/weddingsaas-pro/assets/plugins/custom/commentpress/saic_libbf47.js]
[walimatul.id/wp-content/plugins/weddingsaas-pro/assets/js/wds-rsvpbf47.js]
[walimatul.id/wp-content/themes/hello-elementor/assets/js/hello-frontenda7da.js]
[walimatul.id/wp-content/plugins/elementor/assets/js/webpack.runtime.mina871.js]
[walimatul.id/wp-content/plugins/elementor/assets/js/frontend-modules.mina871.js]
[walimatul.id/wp-includes/js/jquery/ui/core.minb37e.js]
[walimatul.id/wp-content/plugins/elementor/assets/js/frontend.mina871.js]
[walimatul.id/wp-content/plugins/elementor-pro/assets/lib/smartmenus/jquery.smartmenus.min1576.js]
[walimatul.id/wp-content/plugins/elementor-pro/assets/lib/sticky/jquery.sticky.min5fc8.js]
[walimatul.id/wp-content/plugins/weddingsaas-pro/assets/js/wds-elementor-audiobf47.js]
[walimatul.id/wp-content/plugins/elementor-pro/assets/lib/lottie/lottie.min3f90.js]
[walimatul.id/wp-content/plugins/elementor-pro/assets/js/webpack-pro.runtime.min5fc8.js]
[walimatul.id/wp-includes/js/dist/hooks.minaf5f.js]
[walimatul.id/wp-includes/js/dist/i18n.min1cde.js]
[walimatul.id/wp-content/plugins/elementor-pro/assets/js/frontend.min5fc8.js]
[walimatul.id/wp-content/plugins/elementor-pro/assets/js/elements-handlers.min5fc8.js]
[walimatul.id/tema/minimalis-04/index7b7e.html]
[walimatul.id/tema/minimalis-04/index.html]
[walimatul.id/wp-includes/css/dist/block-library/style.minb34e.css]
[walimatul.id/wp-content/plugins/weddingpress/assets/css/wdp-centered-timeline.minb34e.css]
[walimatul.id/wp-content/plugins/weddingpress/assets/css/wdp-horizontal-styles.minb34e.css]
[walimatul.id/wp-content/plugins/weddingpress/assets/css/wdp-fontellob34e.css]
[walimatul.id/wp-content/plugins/weddingpress/assets/css/exad-styles.minb34e.css]
[walimatul.id/wp-content/plugins/weddingsaas-pro/assets/css/wds-elementorbf47.css]
[walimatul.id/wp-content/plugins/weddingpress/assets/js/wdp.min0087.js]
[walimatul.id/wp-content/plugins/weddingsaas-pro/assets/plugins/custom/commentpress/fonts/saicfont7137.eot]
[walimatul.id/wp-content/plugins/weddingsaas-pro/assets/plugins/custom/commentpress/fonts/saicfont7137.ttf]
[walimatul.id/wp-content/plugins/weddingsaas-pro/assets/plugins/custom/commentpress/fonts/saicfont7137.woff]
[walimatul.id/wp-content/plugins/weddingsaas-pro/assets/plugins/custom/commentpress/fonts/saicfont7137.svg]
[walimatul.id/wp-content/plugins/weddingsaas-pro/assets/plugins/custom/commentpress/saic_stylebf47.css]
[walimatul.id/wp-content/themes/hello-elementor/assets/css/reseta7da.css]
[walimatul.id/wp-content/themes/hello-elementor/assets/css/themea7da.css]
[walimatul.id/wp-content/themes/hello-elementor/assets/css/header-footera7da.css]
[walimatul.id/wp-content/plugins/elementor/assets/css/frontend.mina871.css]
[walimatul.id/wp-content/uploads/elementor/css/post-60e26.css]
[walimatul.id/wp-content/plugins/jetformbuilder/modules/option-field/assets/build/select3d26.css]
[walimatul.id/wp-content/plugins/jetformbuilder/modules/option-field/assets/build/checkbox7211.css]
[walimatul.id/wp-content/plugins/jetformbuilder/modules/option-field/assets/build/radioffac.css]
[walimatul.id/wp-content/plugins/jetformbuilder/modules/advanced-choices/assets/build/main7f2b.css]
[walimatul.id/wp-content/plugins/jetformbuilder/modules/wysiwyg/assets/build/wysiwyg2275.css]
[walimatul.id/wp-content/plugins/jetformbuilder/modules/switcher/assets/build/switcher720a.css]
[walimatul.id/wp-content/plugins/jetformbuilder/modules/multi-gateway/assets/build/multi-gatewayeef9.css]
[walimatul.id/wp-content/plugins/elementor/assets/css/widget-image.mina871.css]
[walimatul.id/wp-content/plugins/elementor-pro/assets/css/widget-nav-menu.min5fc8.css]
[walimatul.id/wp-content/plugins/elementor/assets/css/widget-social-icons.mina871.css]
[walimatul.id/wp-content/plugins/elementor/assets/css/conditionals/apple-webkit.mina871.css]
[walimatul.id/wp-content/plugins/elementor/assets/css/widget-heading.mina871.css]
[walimatul.id/wp-content/plugins/elementor/assets/css/widget-icon-list.mina871.css]
[walimatul.id/wp-content/plugins/elementor-pro/assets/css/modules/sticky.min5fc8.css]
[walimatul.id/wp-content/plugins/elementor/assets/lib/animations/styles/zoomIn.mina871.css]
[walimatul.id/wp-content/plugins/elementor-pro/assets/css/widget-lottie.min5fc8.css]
[walimatul.id/wp-content/plugins/elementor-pro/assets/css/widget-countdown.min5fc8.css]
[walimatul.id/wp-content/plugins/elementor/assets/css/widget-icon-box.mina871.css]
[walimatul.id/wp-content/plugins/elementor/assets/css/widget-google_maps.mina871.css]
[walimatul.id/wp-content/plugins/elementor/assets/css/widget-spacer.mina871.css]
[walimatul.id/wp-content/plugins/elementor/assets/lib/animations/styles/fadeInUp.mina871.css]
[walimatul.id/wp-content/plugins/weddingpress/assets/css/wdp0087.css]
[walimatul.id/wp-content/plugins/elementor/assets/lib/font-awesome/css/all.mina871.css]
[walimatul.id/wp-content/plugins/elementor/assets/lib/font-awesome/css/v4-shims.mina871.css]
[walimatul.id/wp-content/uploads/elementor/css/post-24697b64.css]
[walimatul.id/wp-content/uploads/elementor/css/post-2473f9a1.css]
[walimatul.id/wp-content/uploads/elementor/css/post-476020e8.css]
[walimatul.id/wp-content/uploads/elementor/google-fonts/css/cormorant464b.css]
[walimatul.id/wp-content/uploads/elementor/google-fonts/css/jost8b09.css]
[walimatul.id/wp-content/uploads/elementor/google-fonts/css/outfit7aa5.css]
[walimatul.id/wp-content/uploads/elementor/google-fonts/css/poppins1df5.css]
[walimatul.id/wp-content/uploads/elementor/google-fonts/css/cormorantgaramondd28b.css]
[walimatul.id/wp-content/uploads/elementor/google-fonts/css/pinyonscript2c7c.css]
[walimatul.id/wp-content/uploads/elementor/google-fonts/css/quicksand6b1c.css]
[walimatul.id/tema/minimalis-04/signals/config/index.html]
[walimatul.id/tema/minimalis-04/t.resolvedLink]
[walimatul.id/tema/minimalis-04/signals/plugins/index.html]
[walimatul.id/tema/minimalis-04/schema.org/index.html]
[walimatul.id/signals/iwl.js]
[walimatul.id/signals/iwl0fc5.js]
[walimatul.id/tema/minimalis-04/n.dl]
[walimatul.id/tema/minimalis-04/n.rl]
[connect.facebook.net/en_US/fbevents.js]
[walimatul.id/tema/minimalis-04/index09cd.html]
[unpkg.com/aos@2.3.1/dist/aos.css]
[walimatul.id/wp-content/plugins/weddingsaas-pro/assets/plugins/custom/commentpress/fonts/saicfont7137.svg]
[walimatul.id/tema/minimalis-04/signals/config/index.html]
[walimatul.id/tema/minimalis-04/signals/plugins/index.html]
[walimatul.id/tema/minimalis-04/schema.org/index.html]
[walimatul.id/tema/minimalis-04/t.html]
[walimatul.id/signals/iwl.html]
[walimatul.id/signals/iwl0fc5.html]
[walimatul.id/tema/minimalis-04/n.html]
[walimatul.id/tema/minimalis-04/n-2.html]
