[cahaya-reza-wedding.netlify.app/indexc14f.html]
[backblue.gif]
[fade.gif]
[index.html]
[cahaya-reza-wedding.netlify.app/index.html]
[cahaya-reza-wedding.netlify.app/og-cahaya-reza.jpg]
[cahaya-reza-wedding.netlify.app/open.jpg]
[cahaya-reza-wedding.netlify.app/cover.jpg]
[cahaya-reza-wedding.netlify.app/batik.3.delayed]
[cahaya-reza-wedding.netlify.app/foto1.jpg]
[cahaya-reza-wedding.netlify.app/foto2.jpg]
[cahaya-reza-wedding.netlify.app/event.svg]
[cahaya-reza-wedding.netlify.app/foto3.jpg]
[cahaya-reza-wedding.netlify.app/foto4.jpg]
[cahaya-reza-wedding.netlify.app/bride1.jpg]
[cahaya-reza-wedding.netlify.app/bride2.jpg]
[cahaya-reza-wedding.netlify.app/ig.svg]
[cahaya-reza-wedding.netlify.app/groom2.jpg]
[cahaya-reza-wedding.netlify.app/groom1.jpg]
[cahaya-reza-wedding.netlify.app/akad.jpg]
[cahaya-reza-wedding.netlify.app/resepsi.jpg]
[cahaya-reza-wedding.netlify.app/foto5.jpg]
[cahaya-reza-wedding.netlify.app/akan ada hari.mp3]
[cahaya-reza-wedding.netlify.app/kado.svg]
[cahaya-reza-wedding.netlify.app/open.svg]
[cahaya-reza-wedding.netlify.app/couple.svg]
[cahaya-reza-wedding.netlify.app/gift.svg]
[cahaya-reza-wedding.netlify.app/indexc14f.html]
[cahaya-reza-wedding.netlify.app/index.html]
[cahaya-reza-wedding.netlify.app/batik.html]
[cahaya-reza-wedding.netlify.app/event.svg]
[cahaya-reza-wedding.netlify.app/ig.svg]
[cahaya-reza-wedding.netlify.app/kado.svg]
[cahaya-reza-wedding.netlify.app/wish.svg]
[cahaya-reza-wedding.netlify.app/open.svg]
[cahaya-reza-wedding.netlify.app/couple.svg]
[cahaya-reza-wedding.netlify.app/gift.svg]
[cahaya-reza-wedding.netlify.app/wish.svg]
